------------------------------------------------
  JULIA_NUM_THREADS=5
julia version 1.10.4
------------------------------------------------
=== case 0 ===  Wed Aug  5 03:31:07 PM EDT 2026
================================================================================
n_eff DEFINITION ROBUSTNESS  case 1: Lorenz, standard sampling
================================================================================

--- noise = 0% ---
  n_proj = 29640, window = 121 samples
  n_eff:  gaussian = 442.3  autocorr = 2280.5  trace = 657.9
  n_proj/n_eff:  gaussian = 67.0x  autocorr = 13.0x  trace = 45.1x
  definition  | slic              bic               kic               aic              
  gaussian    | 1.0/0.0/7.0       1.0/0.0/7.0       1.0/0.0/7.0       1.0/0.0/7.0      
  autocorr    | 1.0/0.0/7.0       1.0/0.0/7.0       1.0/0.0/7.0       1.0/0.0/7.0      
  trace       | 1.0/0.0/7.0       1.0/0.0/7.0       1.0/0.0/7.0       1.0/0.0/7.0      
  (each cell = recovery / FPR / n_selected)

--- noise = 20% ---
  n_proj = 29640, window = 121 samples
  n_eff:  gaussian = 442.3  autocorr = 2649.5  trace = 657.9
  n_proj/n_eff:  gaussian = 67.0x  autocorr = 11.2x  trace = 45.1x
  definition  | slic              bic               kic               aic              
  gaussian    | 1.0/0.0/7.0       0.9/0.0/7.1       1.0/0.0/7.0       0.7/0.01/7.6     
  autocorr    | 1.0/0.0/7.0       0.3/0.04/8.9      0.4/0.03/8.4      0.0/1.0/57.0     
  trace       | 1.0/0.0/7.0       0.9/0.0/7.1       1.0/0.0/7.0       0.3/0.04/9.0     
  (each cell = recovery / FPR / n_selected)

--- noise = 40% ---
  n_proj = 29640, window = 121 samples
  n_eff:  gaussian = 442.3  autocorr = 2148.1  trace = 657.9
  n_proj/n_eff:  gaussian = 67.0x  autocorr = 13.8x  trace = 45.1x
  definition  | slic              bic               kic               aic              
  gaussian    | 1.0/0.0/7.0       0.9/0.0/7.1       1.0/0.0/7.0       0.4/0.05/9.3     
  autocorr    | 1.0/0.0/7.0       0.2/0.07/10.5     0.2/0.05/9.6      0.0/0.87/50.3    
  trace       | 1.0/0.0/7.0       0.9/0.0/7.1       0.9/0.0/7.1       0.0/0.12/13.0    
  (each cell = recovery / FPR / n_selected)

READ: SLIC's row must be identical across all three definitions (it is
invariant to n_eff by construction). If the competitors' rows are also
stable, the conclusions do not depend on which n_eff definition is used,
i.e. the conclusions are robust to it. If they move, report the
headline under the definition and state the sensitivity.
  done Wed Aug  5 06:04:22 PM EDT 2026
